
lenovo@DESKTOP-7604S8E MINGW64 ~
$ git version
git version 2.47.0.windows.2

lenovo@DESKTOP-7604S8E MINGW64 ~
$ pwd
/c/Users/lenovo

lenovo@DESKTOP-7604S8E MINGW64 ~
$ mkdir projects

lenovo@DESKTOP-7604S8E MINGW64 ~
$ cd projects/

lenovo@DESKTOP-7604S8E MINGW64 ~/projects
$ git branch
fatal: not a git repository (or any of the parent directories): .git

lenovo@DESKTOP-7604S8E MINGW64 ~/projects
$ git status
fatal: not a git repository (or any of the parent directories): .git

lenovo@DESKTOP-7604S8E MINGW64 ~/projects
$ git version
git version 2.47.0.windows.2

lenovo@DESKTOP-7604S8E MINGW64 ~/projects
$ git config --global user.name "Sasidhar Marripati"

lenovo@DESKTOP-7604S8E MINGW64 ~/projects
$ git config --global user.email "marripati.sasidhar@gmail.com"

lenovo@DESKTOP-7604S8E MINGW64 ~/projects
$ git config --global list
error: key does not contain a section: list

lenovo@DESKTOP-7604S8E MINGW64 ~/projects
$ git config global --list
fatal: not in a git directory

lenovo@DESKTOP-7604S8E MINGW64 ~/projects
$ git config --global --list
user.name=Sasidhar Marripati
user.email=marripati.sasidhar@gmail.com

lenovo@DESKTOP-7604S8E MINGW64 ~/projects
$ git clone https://github.com/MarripatiSasidhar/github-demo.git
Cloning into 'github-demo'...
remote: Enumerating objects: 3, done.
remote: Counting objects: 100% (3/3), done.
remote: Compressing objects: 100% (2/2), done.
remote: Total 3 (delta 0), reused 0 (delta 0), pack-reused 0 (from 0)
Receiving objects: 100% (3/3), done.

lenovo@DESKTOP-7604S8E MINGW64 ~/projects
$ ls
github-demo/

lenovo@DESKTOP-7604S8E MINGW64 ~/projects
$ cd github-demo/

lenovo@DESKTOP-7604S8E MINGW64 ~/projects/github-demo (main)
$ ls
README.md

lenovo@DESKTOP-7604S8E MINGW64 ~/projects/github-demo (main)
$ git status
On branch main
Your branch is up to date with 'origin/main'.

nothing to commit, working tree clean

lenovo@DESKTOP-7604S8E MINGW64 ~/projects/github-demo (main)
$ git branch
* main

lenovo@DESKTOP-7604S8E MINGW64 ~/projects/github-demo (main)
$ echo "test git quick start demo" >> start.doc

lenovo@DESKTOP-7604S8E MINGW64 ~/projects/github-demo (main)
$ ls
README.md  start.doc

lenovo@DESKTOP-7604S8E MINGW64 ~/projects/github-demo (main)
$ cat start.demo
cat: start.demo: No such file or directory

lenovo@DESKTOP-7604S8E MINGW64 ~/projects/github-demo (main)
$ cat start.doc
test git quick start demo

lenovo@DESKTOP-7604S8E MINGW64 ~/projects/github-demo (main)
$ git status
On branch main
Your branch is up to date with 'origin/main'.

Untracked files:
  (use "git add <file>..." to include in what will be committed)
        start.doc

nothing added to commit but untracked files present (use "git add" to track)

lenovo@DESKTOP-7604S8E MINGW64 ~/projects/github-demo (main)
$ git add start.doc

lenovo@DESKTOP-7604S8E MINGW64 ~/projects/github-demo (main)
$ git commit -m "Adding start doc file"
[main 2e32820] Adding start doc file
 1 file changed, 1 insertion(+)
 create mode 100644 start.doc

lenovo@DESKTOP-7604S8E MINGW64 ~/projects/github-demo (main)
$ git push origin master
error: src refspec master does not match any
error: failed to push some refs to 'https://github.com/MarripatiSasidhar/github-demo.git'

lenovo@DESKTOP-7604S8E MINGW64 ~/projects/github-demo (main)
$ git push origin main
info: please complete authentication in your browser...
Enumerating objects: 4, done.
Counting objects: 100% (4/4), done.
Delta compression using up to 4 threads
Compressing objects: 100% (2/2), done.
Writing objects: 100% (3/3), 317 bytes | 317.00 KiB/s, done.
Total 3 (delta 0), reused 0 (delta 0), pack-reused 0 (from 0)
To https://github.com/MarripatiSasidhar/github-demo.git
   e220500..2e32820  main -> main

lenovo@DESKTOP-7604S8E MINGW64 ~/projects/github-demo (main)
$ cd

lenovo@DESKTOP-7604S8E MINGW64 ~
$ cd esktop
bash: cd: esktop: No such file or directory

lenovo@DESKTOP-7604S8E MINGW64 ~
$ cd desktop

lenovo@DESKTOP-7604S8E MINGW64 ~/desktop
$ ls
 Doc1.docx   LG.txt  'Microsoft Edge.lnk'*  'UC format 2021-11.xlsx'   YouTube.lnk*   desktop.ini

lenovo@DESKTOP-7604S8E MINGW64 ~/desktop
$ git add LG.txt
fatal: not a git repository (or any of the parent directories): .git

lenovo@DESKTOP-7604S8E MINGW64 ~/desktop
$ ^C

lenovo@DESKTOP-7604S8E MINGW64 ~/desktop
$
